{"timestamp":"2026-06-09T12:40:04.128864","level":"info","event":"DAG bundles loaded: dags-folder","logger":"airflow.dag_processing.bundles.manager.DagBundlesManager"}
{"timestamp":"2026-06-09T12:40:04.129710","level":"info","event":"Filling up the DagBag from /opt/airflow/dags/mecp_pipeline.py","logger":"airflow.models.dagbag.DagBag"}
{"timestamp":"2026-06-09T12:40:04.164744","level":"info","event":"Tmp dir root location: /tmp","logger":"airflow.task.hooks.airflow.providers.standard.hooks.subprocess.SubprocessHook"}
{"timestamp":"2026-06-09T12:40:04.166456","level":"info","event":"Running command: ['/usr/bin/bash', '-c', 'echo \"HOST=$POSTGRES_HOST PORT=$POSTGRES_PORT\" && cd /opt/airflow/ingestion && python ingest.py']","logger":"airflow.task.hooks.airflow.providers.standard.hooks.subprocess.SubprocessHook"}
{"timestamp":"2026-06-09T12:40:04.184279","level":"info","event":"Output:","logger":"airflow.task.hooks.airflow.providers.standard.hooks.subprocess.SubprocessHook"}
{"timestamp":"2026-06-09T12:40:04.187305","level":"info","event":"HOST=postgres PORT=5432","logger":"airflow.task.hooks.airflow.providers.standard.hooks.subprocess.SubprocessHook"}
{"timestamp":"2026-06-09T12:40:05.600440","level":"info","event":"2026-06-09 12:40:05,599 - INFO - Starting MECP ingestion pipeline","logger":"airflow.task.hooks.airflow.providers.standard.hooks.subprocess.SubprocessHook"}
{"timestamp":"2026-06-09T12:40:05.636640","level":"info","event":"2026-06-09 12:40:05,636 - INFO - Loading /opt/airflow/data/raw/orders.csv → raw.orders","logger":"airflow.task.hooks.airflow.providers.standard.hooks.subprocess.SubprocessHook"}
{"timestamp":"2026-06-09T12:40:06.905080","level":"info","event":"2026-06-09 12:40:06,904 - INFO - ✅ raw.orders — 32,313 rows loaded","logger":"airflow.task.hooks.airflow.providers.standard.hooks.subprocess.SubprocessHook"}
{"timestamp":"2026-06-09T12:40:06.906755","level":"info","event":"2026-06-09 12:40:06,906 - INFO - Loading /opt/airflow/data/raw/order_items.csv → raw.order_items","logger":"airflow.task.hooks.airflow.providers.standard.hooks.subprocess.SubprocessHook"}
{"timestamp":"2026-06-09T12:40:08.215411","level":"info","event":"2026-06-09 12:40:08,214 - INFO - ✅ raw.order_items — 40,025 rows loaded","logger":"airflow.task.hooks.airflow.providers.standard.hooks.subprocess.SubprocessHook"}
{"timestamp":"2026-06-09T12:40:08.216544","level":"info","event":"2026-06-09 12:40:08,216 - INFO - Loading /opt/airflow/data/raw/order_item_refunds.csv → raw.order_item_refunds","logger":"airflow.task.hooks.airflow.providers.standard.hooks.subprocess.SubprocessHook"}
{"timestamp":"2026-06-09T12:40:08.269824","level":"info","event":"2026-06-09 12:40:08,269 - INFO - ✅ raw.order_item_refunds — 1,731 rows loaded","logger":"airflow.task.hooks.airflow.providers.standard.hooks.subprocess.SubprocessHook"}
{"timestamp":"2026-06-09T12:40:08.270088","level":"info","event":"2026-06-09 12:40:08,269 - INFO - Loading /opt/airflow/data/raw/products.csv → raw.products","logger":"airflow.task.hooks.airflow.providers.standard.hooks.subprocess.SubprocessHook"}
{"timestamp":"2026-06-09T12:40:08.287787","level":"info","event":"2026-06-09 12:40:08,287 - INFO - ✅ raw.products — 4 rows loaded","logger":"airflow.task.hooks.airflow.providers.standard.hooks.subprocess.SubprocessHook"}
{"timestamp":"2026-06-09T12:40:08.288000","level":"info","event":"2026-06-09 12:40:08,287 - INFO - Loading /opt/airflow/data/raw/website_sessions.csv → raw.website_sessions","logger":"airflow.task.hooks.airflow.providers.standard.hooks.subprocess.SubprocessHook"}
{"timestamp":"2026-06-09T12:40:26.351266","level":"info","event":"2026-06-09 12:40:26,350 - INFO - ✅ raw.website_sessions — 472,871 rows loaded","logger":"airflow.task.hooks.airflow.providers.standard.hooks.subprocess.SubprocessHook"}
{"timestamp":"2026-06-09T12:40:26.374502","level":"info","event":"2026-06-09 12:40:26,373 - INFO - Loading /opt/airflow/data/raw/website_pageviews.csv → raw.website_pageviews","logger":"airflow.task.hooks.airflow.providers.standard.hooks.subprocess.SubprocessHook"}
{"timestamp":"2026-06-09T12:40:48.248954","level":"info","event":"2026-06-09 12:40:48,248 - INFO - ✅ raw.website_pageviews — 1,188,124 rows loaded","logger":"airflow.task.hooks.airflow.providers.standard.hooks.subprocess.SubprocessHook"}
{"timestamp":"2026-06-09T12:40:48.300977","level":"info","event":"2026-06-09 12:40:48,300 - INFO - Ingestion complete","logger":"airflow.task.hooks.airflow.providers.standard.hooks.subprocess.SubprocessHook"}
{"timestamp":"2026-06-09T12:40:48.493207","level":"info","event":"Command exited with return code 0","logger":"airflow.task.hooks.airflow.providers.standard.hooks.subprocess.SubprocessHook"}
{"timestamp":"2026-06-09T12:40:48.494586","level":"info","event":"Pushing xcom","ti":"RuntimeTaskInstance(id=UUID('019eac65-a5fb-705e-8ed4-a13ac985c591'), task_id='ingestion', dag_id='mecp_pipeline', run_id='manual__2026-06-09T12:40:03.304481+00:00', try_number=1, map_index=-1, hostname='cf6956c79598', context_carrier=None, task=<Task(BashOperator): ingestion>, bundle_instance=LocalDagBundle(name=dags-folder), max_tries=1, start_date=datetime.datetime(2026, 6, 9, 12, 40, 3, 681227, tzinfo=TzInfo(UTC)), end_date=None, state=<TaskInstanceState.RUNNING: 'running'>, is_mapped=False, rendered_map_index=None)","logger":"task"}
