{"timestamp":"2026-06-09T11:36:28.756996","level":"info","event":"DAG bundles loaded: dags-folder","logger":"airflow.dag_processing.bundles.manager.DagBundlesManager"}
{"timestamp":"2026-06-09T11:36:28.757686","level":"info","event":"Filling up the DagBag from /opt/airflow/dags/mecp_pipeline.py","logger":"airflow.models.dagbag.DagBag"}
{"timestamp":"2026-06-09T11:36:28.784690","level":"info","event":"Tmp dir root location: /tmp","logger":"airflow.task.hooks.airflow.providers.standard.hooks.subprocess.SubprocessHook"}
{"timestamp":"2026-06-09T11:36:28.785910","level":"info","event":"Running command: ['/usr/bin/bash', '-c', 'cd /opt/airflow/ingestion && python ingest.py']","logger":"airflow.task.hooks.airflow.providers.standard.hooks.subprocess.SubprocessHook"}
{"timestamp":"2026-06-09T11:36:28.801573","level":"info","event":"Output:","logger":"airflow.task.hooks.airflow.providers.standard.hooks.subprocess.SubprocessHook"}
{"timestamp":"2026-06-09T11:36:32.796416","level":"info","event":"2026-06-09 11:36:32,795 - INFO - Starting MECP ingestion pipeline","logger":"airflow.task.hooks.airflow.providers.standard.hooks.subprocess.SubprocessHook"}
{"timestamp":"2026-06-09T11:36:32.797006","level":"info","event":"Traceback (most recent call last):","logger":"airflow.task.hooks.airflow.providers.standard.hooks.subprocess.SubprocessHook"}
{"timestamp":"2026-06-09T11:36:32.797167","level":"info","event":"  File \"/opt/airflow/ingestion/ingest.py\", line 17, in <module>","logger":"airflow.task.hooks.airflow.providers.standard.hooks.subprocess.SubprocessHook"}
{"timestamp":"2026-06-09T11:36:32.800679","level":"info","event":"    run_ingestion()","logger":"airflow.task.hooks.airflow.providers.standard.hooks.subprocess.SubprocessHook"}
{"timestamp":"2026-06-09T11:36:32.800798","level":"info","event":"  File \"/opt/airflow/ingestion/ingest.py\", line 9, in run_ingestion","logger":"airflow.task.hooks.airflow.providers.standard.hooks.subprocess.SubprocessHook"}
{"timestamp":"2026-06-09T11:36:32.804295","level":"info","event":"    engine = get_engine(DB_CONFIG)","logger":"airflow.task.hooks.airflow.providers.standard.hooks.subprocess.SubprocessHook"}
{"timestamp":"2026-06-09T11:36:32.804449","level":"info","event":"             ^^^^^^^^^^^^^^^^^^^^^","logger":"airflow.task.hooks.airflow.providers.standard.hooks.subprocess.SubprocessHook"}
{"timestamp":"2026-06-09T11:36:32.804518","level":"info","event":"  File \"/opt/airflow/ingestion/loaders.py\", line 13, in get_engine","logger":"airflow.task.hooks.airflow.providers.standard.hooks.subprocess.SubprocessHook"}
{"timestamp":"2026-06-09T11:36:32.807397","level":"info","event":"    return create_engine(url)","logger":"airflow.task.hooks.airflow.providers.standard.hooks.subprocess.SubprocessHook"}
{"timestamp":"2026-06-09T11:36:32.807536","level":"info","event":"           ^^^^^^^^^^^^^^^^^^","logger":"airflow.task.hooks.airflow.providers.standard.hooks.subprocess.SubprocessHook"}
{"timestamp":"2026-06-09T11:36:32.807606","level":"info","event":"  File \"<string>\", line 2, in create_engine","logger":"airflow.task.hooks.airflow.providers.standard.hooks.subprocess.SubprocessHook"}
{"timestamp":"2026-06-09T11:36:32.807656","level":"info","event":"  File \"/home/airflow/.local/lib/python3.12/site-packages/sqlalchemy/util/deprecations.py\", line 375, in warned","logger":"airflow.task.hooks.airflow.providers.standard.hooks.subprocess.SubprocessHook"}
{"timestamp":"2026-06-09T11:36:32.807699","level":"info","event":"    return fn(*args, **kwargs)","logger":"airflow.task.hooks.airflow.providers.standard.hooks.subprocess.SubprocessHook"}
{"timestamp":"2026-06-09T11:36:32.807731","level":"info","event":"           ^^^^^^^^^^^^^^^^^^^","logger":"airflow.task.hooks.airflow.providers.standard.hooks.subprocess.SubprocessHook"}
{"timestamp":"2026-06-09T11:36:32.807761","level":"info","event":"  File \"/home/airflow/.local/lib/python3.12/site-packages/sqlalchemy/engine/create.py\", line 514, in create_engine","logger":"airflow.task.hooks.airflow.providers.standard.hooks.subprocess.SubprocessHook"}
{"timestamp":"2026-06-09T11:36:32.807798","level":"info","event":"    u = _url.make_url(url)","logger":"airflow.task.hooks.airflow.providers.standard.hooks.subprocess.SubprocessHook"}
{"timestamp":"2026-06-09T11:36:32.807830","level":"info","event":"        ^^^^^^^^^^^^^^^^^^","logger":"airflow.task.hooks.airflow.providers.standard.hooks.subprocess.SubprocessHook"}
{"timestamp":"2026-06-09T11:36:32.807859","level":"info","event":"  File \"/home/airflow/.local/lib/python3.12/site-packages/sqlalchemy/engine/url.py\", line 738, in make_url","logger":"airflow.task.hooks.airflow.providers.standard.hooks.subprocess.SubprocessHook"}
{"timestamp":"2026-06-09T11:36:32.807895","level":"info","event":"    return _parse_url(name_or_url)","logger":"airflow.task.hooks.airflow.providers.standard.hooks.subprocess.SubprocessHook"}
{"timestamp":"2026-06-09T11:36:32.807926","level":"info","event":"           ^^^^^^^^^^^^^^^^^^^^^^^","logger":"airflow.task.hooks.airflow.providers.standard.hooks.subprocess.SubprocessHook"}
{"timestamp":"2026-06-09T11:36:32.807953","level":"info","event":"  File \"/home/airflow/.local/lib/python3.12/site-packages/sqlalchemy/engine/url.py\", line 794, in _parse_url","logger":"airflow.task.hooks.airflow.providers.standard.hooks.subprocess.SubprocessHook"}
{"timestamp":"2026-06-09T11:36:32.808182","level":"info","event":"    components[\"port\"] = int(components[\"port\"])","logger":"airflow.task.hooks.airflow.providers.standard.hooks.subprocess.SubprocessHook"}
{"timestamp":"2026-06-09T11:36:32.808259","level":"info","event":"                         ^^^^^^^^^^^^^^^^^^^^^^^","logger":"airflow.task.hooks.airflow.providers.standard.hooks.subprocess.SubprocessHook"}
{"timestamp":"2026-06-09T11:36:32.808302","level":"info","event":"ValueError: invalid literal for int() with base 10: 'None'","logger":"airflow.task.hooks.airflow.providers.standard.hooks.subprocess.SubprocessHook"}
{"timestamp":"2026-06-09T11:36:32.997928","level":"info","event":"Command exited with return code 1","logger":"airflow.task.hooks.airflow.providers.standard.hooks.subprocess.SubprocessHook"}
{"timestamp":"2026-06-09T11:36:32.999277","level":"error","event":"Task failed with exception","logger":"task","error_detail":[{"exc_type":"AirflowException","exc_value":"Bash command failed. The command returned a non-zero exit code 1.","exc_notes":[],"syntax_error":null,"is_cause":false,"frames":[{"filename":"/home/airflow/.local/lib/python3.12/site-packages/airflow/sdk/execution_time/task_runner.py","lineno":838,"name":"run"},{"filename":"/home/airflow/.local/lib/python3.12/site-packages/airflow/sdk/execution_time/task_runner.py","lineno":1130,"name":"_execute_task"},{"filename":"/home/airflow/.local/lib/python3.12/site-packages/airflow/sdk/bases/operator.py","lineno":408,"name":"wrapper"},{"filename":"/home/airflow/.local/lib/python3.12/site-packages/airflow/providers/standard/operators/bash.py","lineno":233,"name":"execute"}]}]}
