{"timestamp":"2026-06-09T13:27:20.626327","level":"info","event":"DAG bundles loaded: dags-folder","logger":"airflow.dag_processing.bundles.manager.DagBundlesManager"}
{"timestamp":"2026-06-09T13:27:20.627222","level":"info","event":"Filling up the DagBag from /opt/airflow/dags/mecp_pipeline.py","logger":"airflow.models.dagbag.DagBag"}
{"timestamp":"2026-06-09T13:27:20.661700","level":"info","event":"Tmp dir root location: /tmp","logger":"airflow.task.hooks.airflow.providers.standard.hooks.subprocess.SubprocessHook"}
{"timestamp":"2026-06-09T13:27:20.663745","level":"info","event":"Running command: ['/usr/bin/bash', '-c', 'cd /opt/airflow/dbt && /home/airflow/.local/bin/dbt run --select staging.*']","logger":"airflow.task.hooks.airflow.providers.standard.hooks.subprocess.SubprocessHook"}
{"timestamp":"2026-06-09T13:27:20.679671","level":"info","event":"Output:","logger":"airflow.task.hooks.airflow.providers.standard.hooks.subprocess.SubprocessHook"}
{"timestamp":"2026-06-09T13:27:23.708429","level":"info","event":"\u001b[0m13:27:23  Running with dbt=1.11.11","logger":"airflow.task.hooks.airflow.providers.standard.hooks.subprocess.SubprocessHook"}
{"timestamp":"2026-06-09T13:27:24.075478","level":"info","event":"\u001b[0m13:27:24  Registered adapter: postgres=1.9.0","logger":"airflow.task.hooks.airflow.providers.standard.hooks.subprocess.SubprocessHook"}
{"timestamp":"2026-06-09T13:27:25.288296","level":"info","event":"\u001b[0m13:27:25  Found 20 models, 157 data tests, 6 sources, 476 macros","logger":"airflow.task.hooks.airflow.providers.standard.hooks.subprocess.SubprocessHook"}
{"timestamp":"2026-06-09T13:27:25.297971","level":"info","event":"\u001b[0m13:27:25","logger":"airflow.task.hooks.airflow.providers.standard.hooks.subprocess.SubprocessHook"}
{"timestamp":"2026-06-09T13:27:25.299310","level":"info","event":"\u001b[0m13:27:25  Concurrency: 4 threads (target='dev')","logger":"airflow.task.hooks.airflow.providers.standard.hooks.subprocess.SubprocessHook"}
{"timestamp":"2026-06-09T13:27:25.300246","level":"info","event":"\u001b[0m13:27:25","logger":"airflow.task.hooks.airflow.providers.standard.hooks.subprocess.SubprocessHook"}
{"timestamp":"2026-06-09T13:27:25.534907","level":"info","event":"\u001b[0m13:27:25  1 of 6 START sql view model staging_staging.stg_order_item_refunds ............. [RUN]","logger":"airflow.task.hooks.airflow.providers.standard.hooks.subprocess.SubprocessHook"}
{"timestamp":"2026-06-09T13:27:25.537439","level":"info","event":"\u001b[0m13:27:25  2 of 6 START sql view model staging_staging.stg_order_items .................... [RUN]","logger":"airflow.task.hooks.airflow.providers.standard.hooks.subprocess.SubprocessHook"}
{"timestamp":"2026-06-09T13:27:25.538721","level":"info","event":"\u001b[0m13:27:25  3 of 6 START sql view model staging_staging.stg_orders ......................... [RUN]","logger":"airflow.task.hooks.airflow.providers.standard.hooks.subprocess.SubprocessHook"}
{"timestamp":"2026-06-09T13:27:25.540332","level":"info","event":"\u001b[0m13:27:25  4 of 6 START sql view model staging_staging.stg_products ....................... [RUN]","logger":"airflow.task.hooks.airflow.providers.standard.hooks.subprocess.SubprocessHook"}
{"timestamp":"2026-06-09T13:27:25.931984","level":"info","event":"\u001b[0m13:27:25  2 of 6 OK created sql view model staging_staging.stg_order_items ............... [\u001b[32mCREATE VIEW\u001b[0m in 0.38s]","logger":"airflow.task.hooks.airflow.providers.standard.hooks.subprocess.SubprocessHook"}
{"timestamp":"2026-06-09T13:27:25.934828","level":"info","event":"\u001b[0m13:27:25  1 of 6 OK created sql view model staging_staging.stg_order_item_refunds ........ [\u001b[32mCREATE VIEW\u001b[0m in 0.39s]","logger":"airflow.task.hooks.airflow.providers.standard.hooks.subprocess.SubprocessHook"}
{"timestamp":"2026-06-09T13:27:25.938522","level":"info","event":"\u001b[0m13:27:25  3 of 6 OK created sql view model staging_staging.stg_orders .................... [\u001b[32mCREATE VIEW\u001b[0m in 0.39s]","logger":"airflow.task.hooks.airflow.providers.standard.hooks.subprocess.SubprocessHook"}
{"timestamp":"2026-06-09T13:27:25.939731","level":"info","event":"\u001b[0m13:27:25  4 of 6 OK created sql view model staging_staging.stg_products .................. [\u001b[32mCREATE VIEW\u001b[0m in 0.39s]","logger":"airflow.task.hooks.airflow.providers.standard.hooks.subprocess.SubprocessHook"}
{"timestamp":"2026-06-09T13:27:25.947018","level":"info","event":"\u001b[0m13:27:25  5 of 6 START sql view model staging_staging.stg_website_pageviews .............. [RUN]","logger":"airflow.task.hooks.airflow.providers.standard.hooks.subprocess.SubprocessHook"}
{"timestamp":"2026-06-09T13:27:25.948885","level":"info","event":"\u001b[0m13:27:25  6 of 6 START sql view model staging_staging.stg_website_sessions ............... [RUN]","logger":"airflow.task.hooks.airflow.providers.standard.hooks.subprocess.SubprocessHook"}
{"timestamp":"2026-06-09T13:27:26.084965","level":"info","event":"\u001b[0m13:27:26  5 of 6 OK created sql view model staging_staging.stg_website_pageviews ......... [\u001b[32mCREATE VIEW\u001b[0m in 0.13s]","logger":"airflow.task.hooks.airflow.providers.standard.hooks.subprocess.SubprocessHook"}
{"timestamp":"2026-06-09T13:27:26.086040","level":"info","event":"\u001b[0m13:27:26  6 of 6 OK created sql view model staging_staging.stg_website_sessions .......... [\u001b[32mCREATE VIEW\u001b[0m in 0.13s]","logger":"airflow.task.hooks.airflow.providers.standard.hooks.subprocess.SubprocessHook"}
{"timestamp":"2026-06-09T13:27:26.113754","level":"info","event":"\u001b[0m13:27:26","logger":"airflow.task.hooks.airflow.providers.standard.hooks.subprocess.SubprocessHook"}
{"timestamp":"2026-06-09T13:27:26.114402","level":"info","event":"\u001b[0m13:27:26  Finished running 6 view models in 0 hours 0 minutes and 0.81 seconds (0.81s).","logger":"airflow.task.hooks.airflow.providers.standard.hooks.subprocess.SubprocessHook"}
{"timestamp":"2026-06-09T13:27:26.280646","level":"info","event":"\u001b[0m13:27:26","logger":"airflow.task.hooks.airflow.providers.standard.hooks.subprocess.SubprocessHook"}
{"timestamp":"2026-06-09T13:27:26.281487","level":"info","event":"\u001b[0m13:27:26  \u001b[32mCompleted successfully\u001b[0m","logger":"airflow.task.hooks.airflow.providers.standard.hooks.subprocess.SubprocessHook"}
{"timestamp":"2026-06-09T13:27:26.282290","level":"info","event":"\u001b[0m13:27:26","logger":"airflow.task.hooks.airflow.providers.standard.hooks.subprocess.SubprocessHook"}
{"timestamp":"2026-06-09T13:27:26.283412","level":"info","event":"\u001b[0m13:27:26  Done. PASS=6 WARN=0 ERROR=0 SKIP=0 NO-OP=0 TOTAL=6","logger":"airflow.task.hooks.airflow.providers.standard.hooks.subprocess.SubprocessHook"}
{"timestamp":"2026-06-09T13:27:27.980373","level":"info","event":"Command exited with return code 0","logger":"airflow.task.hooks.airflow.providers.standard.hooks.subprocess.SubprocessHook"}
{"timestamp":"2026-06-09T13:27:27.982055","level":"info","event":"Pushing xcom","ti":"RuntimeTaskInstance(id=UUID('019eac8c-27a1-7b61-8303-e580464bbe3e'), task_id='dbt_staging', dag_id='mecp_pipeline', run_id='manual__2026-06-09T13:22:06.843503+00:00', try_number=2, map_index=-1, hostname='0bb4e7d29181', context_carrier=None, task=<Task(BashOperator): dbt_staging>, bundle_instance=LocalDagBundle(name=dags-folder), max_tries=1, start_date=datetime.datetime(2026, 6, 9, 13, 27, 20, 555216, tzinfo=TzInfo(UTC)), end_date=None, state=<TaskInstanceState.RUNNING: 'running'>, is_mapped=False, rendered_map_index=None)","logger":"task"}
