{"timestamp":"2026-06-09T12:12:11.973845","level":"info","event":"DAG bundles loaded: dags-folder","logger":"airflow.dag_processing.bundles.manager.DagBundlesManager"}
{"timestamp":"2026-06-09T12:12:11.974608","level":"info","event":"Filling up the DagBag from /opt/airflow/dags/mecp_pipeline.py","logger":"airflow.models.dagbag.DagBag"}
{"timestamp":"2026-06-09T12:12:12.009618","level":"info","event":"Tmp dir root location: /tmp","logger":"airflow.task.hooks.airflow.providers.standard.hooks.subprocess.SubprocessHook"}
{"timestamp":"2026-06-09T12:12:12.011103","level":"info","event":"Running command: ['/usr/bin/bash', '-c', 'cd /opt/airflow/ingestion && python ingest.py']","logger":"airflow.task.hooks.airflow.providers.standard.hooks.subprocess.SubprocessHook"}
{"timestamp":"2026-06-09T12:12:12.025570","level":"info","event":"Output:","logger":"airflow.task.hooks.airflow.providers.standard.hooks.subprocess.SubprocessHook"}
{"timestamp":"2026-06-09T12:12:13.536161","level":"info","event":"2026-06-09 12:12:13,535 - INFO - Starting MECP ingestion pipeline","logger":"airflow.task.hooks.airflow.providers.standard.hooks.subprocess.SubprocessHook"}
{"timestamp":"2026-06-09T12:12:13.575660","level":"info","event":"2026-06-09 12:12:13,575 - INFO - Loading /opt/airflow/data/raw/orders.csv → raw.orders","logger":"airflow.task.hooks.airflow.providers.standard.hooks.subprocess.SubprocessHook"}
{"timestamp":"2026-06-09T12:12:14.863026","level":"info","event":"2026-06-09 12:12:14,862 - INFO - ✅ raw.orders — 32,313 rows loaded","logger":"airflow.task.hooks.airflow.providers.standard.hooks.subprocess.SubprocessHook"}
{"timestamp":"2026-06-09T12:12:14.864696","level":"info","event":"2026-06-09 12:12:14,864 - INFO - Loading /opt/airflow/data/raw/order_items.csv → raw.order_items","logger":"airflow.task.hooks.airflow.providers.standard.hooks.subprocess.SubprocessHook"}
{"timestamp":"2026-06-09T12:12:16.286830","level":"info","event":"2026-06-09 12:12:16,286 - INFO - ✅ raw.order_items — 40,025 rows loaded","logger":"airflow.task.hooks.airflow.providers.standard.hooks.subprocess.SubprocessHook"}
{"timestamp":"2026-06-09T12:12:16.288118","level":"info","event":"2026-06-09 12:12:16,287 - INFO - Loading /opt/airflow/data/raw/order_item_refunds.csv → raw.order_item_refunds","logger":"airflow.task.hooks.airflow.providers.standard.hooks.subprocess.SubprocessHook"}
{"timestamp":"2026-06-09T12:12:16.354712","level":"info","event":"2026-06-09 12:12:16,354 - INFO - ✅ raw.order_item_refunds — 1,731 rows loaded","logger":"airflow.task.hooks.airflow.providers.standard.hooks.subprocess.SubprocessHook"}
{"timestamp":"2026-06-09T12:12:16.354976","level":"info","event":"2026-06-09 12:12:16,354 - INFO - Loading /opt/airflow/data/raw/products.csv → raw.products","logger":"airflow.task.hooks.airflow.providers.standard.hooks.subprocess.SubprocessHook"}
{"timestamp":"2026-06-09T12:12:16.376723","level":"info","event":"2026-06-09 12:12:16,376 - INFO - ✅ raw.products — 4 rows loaded","logger":"airflow.task.hooks.airflow.providers.standard.hooks.subprocess.SubprocessHook"}
{"timestamp":"2026-06-09T12:12:16.376901","level":"info","event":"2026-06-09 12:12:16,376 - INFO - Loading /opt/airflow/data/raw/website_sessions.csv → raw.website_sessions","logger":"airflow.task.hooks.airflow.providers.standard.hooks.subprocess.SubprocessHook"}
{"timestamp":"2026-06-09T12:12:36.529774","level":"info","event":"2026-06-09 12:12:36,529 - INFO - ✅ raw.website_sessions — 472,871 rows loaded","logger":"airflow.task.hooks.airflow.providers.standard.hooks.subprocess.SubprocessHook"}
{"timestamp":"2026-06-09T12:12:36.544495","level":"info","event":"2026-06-09 12:12:36,543 - INFO - Loading /opt/airflow/data/raw/website_pageviews.csv → raw.website_pageviews","logger":"airflow.task.hooks.airflow.providers.standard.hooks.subprocess.SubprocessHook"}
{"timestamp":"2026-06-09T12:13:02.691112","level":"info","event":"2026-06-09 12:13:02,689 - INFO - ✅ raw.website_pageviews — 1,188,124 rows loaded","logger":"airflow.task.hooks.airflow.providers.standard.hooks.subprocess.SubprocessHook"}
{"timestamp":"2026-06-09T12:13:02.739665","level":"info","event":"2026-06-09 12:13:02,739 - INFO - Ingestion complete","logger":"airflow.task.hooks.airflow.providers.standard.hooks.subprocess.SubprocessHook"}
{"timestamp":"2026-06-09T12:13:02.899982","level":"info","event":"Command exited with return code 0","logger":"airflow.task.hooks.airflow.providers.standard.hooks.subprocess.SubprocessHook"}
{"timestamp":"2026-06-09T12:13:02.902832","level":"info","event":"Pushing xcom","ti":"RuntimeTaskInstance(id=UUID('019eac4c-2218-7ffa-b16f-e0ed8d0884f5'), task_id='ingestion', dag_id='mecp_pipeline', run_id='manual__2026-06-09T12:12:11.138053+00:00', try_number=1, map_index=-1, hostname='8acea049b268', context_carrier=None, task=<Task(BashOperator): ingestion>, bundle_instance=LocalDagBundle(name=dags-folder), max_tries=1, start_date=datetime.datetime(2026, 6, 9, 12, 12, 11, 503521, tzinfo=TzInfo(UTC)), end_date=None, state=<TaskInstanceState.RUNNING: 'running'>, is_mapped=False, rendered_map_index=None)","logger":"task"}
